
Memory Configuration

Name             Origin             Length             Attributes
Mem              0x00000000         0x04000000         xrw
*default*        0x00000000         0xffffffff

Linker script and memory map

                0x00010000                . = 0x10000

.startup        0x00010000       0x10
 startup.o(.text)
 .text          0x00010000       0x10 startup.o
                0x00010000                reset

.text           0x00010010       0x70
 *(.text)
 .text          0x00010010       0x20 app.o
                0x00010010                main
 .text          0x00010030       0x50 uart.o
                0x00010030                UART_sendString

.glue_7         0x00010080        0x0
 .glue_7        0x00000000        0x0 linker stubs

.glue_7t        0x00010080        0x0
 .glue_7t       0x00000000        0x0 linker stubs

.vfp11_veneer   0x00010080        0x0
 .vfp11_veneer  0x00000000        0x0 linker stubs

.v4_bx          0x00010080        0x0
 .v4_bx         0x00000000        0x0 linker stubs

.iplt           0x00010080        0x0
 .iplt          0x00000000        0x0 startup.o

.data           0x00010080       0x64
 *(.data)
 .data          0x00010080        0x0 startup.o
 .data          0x00010080       0x64 app.o
                0x00010080                string_buffer1
 .data          0x000100e4        0x0 uart.o

.igot.plt       0x000100e4        0x0
 .igot.plt      0x00000000        0x0 startup.o

.bss            0x000100e4        0x0
 *(.bss)
 .bss           0x000100e4        0x0 startup.o
 .bss           0x000100e4        0x0 app.o
 .bss           0x000100e4        0x0 uart.o
 *(.COMMON)

.rodata         0x000100e4       0x64
 *(.rodata)
 .rodata        0x000100e4       0x64 app.o
                0x000100e4                string_buffer2
                0x00011148                . = (. + 0x1000)
                0x00011148                stack_top = .
LOAD app.o
LOAD uart.o
LOAD startup.o
OUTPUT(Mostafa_LearnInDepth.elf elf32-littlearm)

.rel.dyn        0x00010148        0x0 load address 0x00011148
 .rel.iplt      0x00000000        0x0 startup.o

.ARM.attributes
                0x00000000       0x2e
 .ARM.attributes
                0x00000000       0x22 startup.o
 .ARM.attributes
                0x00000022       0x32 app.o
 .ARM.attributes
                0x00000054       0x32 uart.o

.comment        0x00000000       0x11
 .comment       0x00000000       0x11 app.o
                                 0x12 (size before relaxing)
 .comment       0x00000000       0x12 uart.o

.debug_line     0x00000000       0xaf
 .debug_line    0x00000000       0x3a startup.o
 .debug_line    0x0000003a       0x38 app.o
 .debug_line    0x00000072       0x3d uart.o

.debug_info     0x00000000      0x169
 .debug_info    0x00000000       0x7f startup.o
 .debug_info    0x0000007f       0x8e app.o
 .debug_info    0x0000010d       0x5c uart.o

.debug_abbrev   0x00000000       0xd3
 .debug_abbrev  0x00000000       0x14 startup.o
 .debug_abbrev  0x00000014       0x6e app.o
 .debug_abbrev  0x00000082       0x51 uart.o

.debug_aranges  0x00000000       0x60
 .debug_aranges
                0x00000000       0x20 startup.o
 .debug_aranges
                0x00000020       0x20 app.o
 .debug_aranges
                0x00000040       0x20 uart.o

.debug_loc      0x00000000       0x58
 .debug_loc     0x00000000       0x2c app.o
 .debug_loc     0x0000002c       0x2c uart.o

.debug_str      0x00000000       0xbc
 .debug_str     0x00000000       0x99 app.o
 .debug_str     0x00000099       0x23 uart.o
                                 0x8a (size before relaxing)

.debug_frame    0x00000000       0x54
 .debug_frame   0x00000000       0x2c app.o
 .debug_frame   0x0000002c       0x28 uart.o
